acl/oldstable,now 2.2.52-2 amd64 [installed]
adduser/oldstable,now 3.113+nmu3 all [installed]
apt/oldstable,oldstable,now 1.0.9.8.4 amd64 [installed]
apt-transport-https/oldstable,oldstable,now 1.0.9.8.4 amd64 [installed]
apt-utils/oldstable,oldstable,now 1.0.9.8.4 amd64 [installed]
aufs-tools/oldstable,now 1:3.2+20130722-1.1 amd64 [installed,automatic]
autotools-dev/oldstable,now 20140911.1 all [installed,automatic]
awscli/oldstable,now 1.4.2-1 all [installed]
base-files/now 8+deb8u7 amd64 [installed,upgradable to: 8+deb8u10]
base-passwd/oldstable,now 3.5.37 amd64 [installed]
bash/oldstable,now 4.3-11+deb8u1 amd64 [installed]
binutils/now 2.25-5 amd64 [installed,upgradable to: 2.25-5+deb8u1]
bsdmainutils/oldstable,now 9.0.6 amd64 [installed]
bsdutils/oldstable,now 1:2.25.2-6 amd64 [installed]
bzip2/oldstable,now 1.0.6-7+b3 amd64 [installed,automatic]
ca-certificates/oldstable,now 20141019+deb8u3 all [installed,automatic]
cgroupfs-mount/oldstable,now 1.1 all [installed,automatic]
cloud-guest-utils/jessie-backports,now 0.29-1~bpo8+1 all [installed,automatic]
cloud-image-utils/jessie-backports,now 0.29-1~bpo8+1 all [installed,automatic]
cloud-init/jessie-backports,now 0.7.7~bzr1156-1~bpo8+1 all [installed]
cloud-utils/jessie-backports,now 0.29-1~bpo8+1 all [installed]
coreutils/oldstable,now 8.23-4 amd64 [installed]
cpio/oldstable,oldstable,now 2.11+dfsg-4.1+deb8u1 amd64 [installed]
cpp/oldstable,now 4:4.9.2-2 amd64 [installed,automatic]
cpp-4.8/oldstable,now 4.8.4-1 amd64 [installed,automatic]
cpp-4.9/oldstable,now 4.9.2-10 amd64 [installed,upgradable to: 4.9.2-10+deb8u1]
cron/oldstable,now 3.0pl1-127+deb8u1 amd64 [installed]
curl/now 7.38.0-4+deb8u9 amd64 [installed,upgradable to: 7.38.0-4+deb8u10]
dash/oldstable,now 0.5.7-4+b1 amd64 [installed]
dbus/oldstable,now 1.8.22-0+deb8u1 amd64 [installed,automatic]
debconf/now 1.5.56 all [installed,upgradable to: 1.5.56+deb8u1]
debconf-i18n/now 1.5.56 all [installed,upgradable to: 1.5.56+deb8u1]
debian-archive-keyring/now 2014.3 all [installed,upgradable to: 2017.5~deb8u1]
debianutils/oldstable,now 4.4+b1 amd64 [installed]
dh-python/oldstable,now 1.20141111-2 all [installed,automatic]
diffutils/oldstable,now 1:3.3-1+b1 amd64 [installed]
dkms/oldstable,now 2.2.0.3-2 all [installed]
dmeventd/oldstable,now 2:1.02.90-2.2+deb8u1 amd64 [installed,automatic]
dmidecode/oldstable,now 2.12-3 amd64 [installed]
dmsetup/oldstable,now 2:1.02.90-2.2+deb8u1 amd64 [installed]
docker-ce/jessie,now 17.12.1~ce-0~debian amd64 [installed,upgradable to: 18.03.0~ce-0~debian]
docutils-common/oldstable,now 0.12+dfsg-1 all [installed,automatic]
dpkg/oldstable,now 1.17.27 amd64 [installed]
e2fslibs/oldstable,now 1.42.12-2+b1 amd64 [installed]
e2fsprogs/oldstable,now 1.42.12-2+b1 amd64 [installed]
erlang-asn1/oldstable,now 1:17.3-dfsg-4+deb8u2 amd64 [installed,automatic]
erlang-base/oldstable,now 1:17.3-dfsg-4+deb8u2 amd64 [installed,automatic]
erlang-corba/oldstable,now 1:17.3-dfsg-4+deb8u2 amd64 [installed,automatic]
erlang-crypto/oldstable,now 1:17.3-dfsg-4+deb8u2 amd64 [installed,automatic]
erlang-diameter/oldstable,now 1:17.3-dfsg-4+deb8u2 amd64 [installed,automatic]
erlang-edoc/oldstable,now 1:17.3-dfsg-4+deb8u2 amd64 [installed,automatic]
erlang-eldap/oldstable,now 1:17.3-dfsg-4+deb8u2 amd64 [installed,automatic]
erlang-erl-docgen/oldstable,now 1:17.3-dfsg-4+deb8u2 amd64 [installed,automatic]
erlang-eunit/oldstable,now 1:17.3-dfsg-4+deb8u2 amd64 [installed,automatic]
erlang-ic/oldstable,now 1:17.3-dfsg-4+deb8u2 amd64 [installed,automatic]
erlang-inets/oldstable,now 1:17.3-dfsg-4+deb8u2 amd64 [installed,automatic]
erlang-mnesia/oldstable,now 1:17.3-dfsg-4+deb8u2 amd64 [installed,automatic]
erlang-nox/oldstable,now 1:17.3-dfsg-4+deb8u2 all [installed,automatic]
erlang-odbc/oldstable,now 1:17.3-dfsg-4+deb8u2 amd64 [installed,automatic]
erlang-os-mon/oldstable,now 1:17.3-dfsg-4+deb8u2 amd64 [installed,automatic]
erlang-parsetools/oldstable,now 1:17.3-dfsg-4+deb8u2 amd64 [installed,automatic]
erlang-percept/oldstable,now 1:17.3-dfsg-4+deb8u2 amd64 [installed,automatic]
erlang-public-key/oldstable,now 1:17.3-dfsg-4+deb8u2 amd64 [installed,automatic]
erlang-runtime-tools/oldstable,now 1:17.3-dfsg-4+deb8u2 amd64 [installed,automatic]
erlang-snmp/oldstable,now 1:17.3-dfsg-4+deb8u2 amd64 [installed,automatic]
erlang-ssh/oldstable,now 1:17.3-dfsg-4+deb8u2 amd64 [installed,automatic]
erlang-ssl/oldstable,now 1:17.3-dfsg-4+deb8u2 amd64 [installed,automatic]
erlang-syntax-tools/oldstable,now 1:17.3-dfsg-4+deb8u2 amd64 [installed,automatic]
erlang-tools/oldstable,now 1:17.3-dfsg-4+deb8u2 amd64 [installed,automatic]
erlang-webtool/oldstable,now 1:17.3-dfsg-4+deb8u2 amd64 [installed,automatic]
erlang-xmerl/oldstable,now 1:17.3-dfsg-4+deb8u2 amd64 [installed,automatic]
file/oldstable,now 1:5.22+15-2+deb8u3 amd64 [installed]
findutils/oldstable,now 4.4.2-9+b1 amd64 [installed]
fontconfig/oldstable,oldstable,now 2.11.0-6.3+deb8u1 amd64 [installed,automatic]
fontconfig-config/oldstable,oldstable,now 2.11.0-6.3+deb8u1 all [installed,automatic]
fonts-dejavu-core/oldstable,now 2.34-1 all [installed,automatic]
gcc/oldstable,now 4:4.9.2-2 amd64 [installed]
gcc-4.8/oldstable,now 4.8.4-1 amd64 [installed,automatic]
gcc-4.8-base/oldstable,now 4.8.4-1 amd64 [installed]
gcc-4.9/oldstable,now 4.9.2-10 amd64 [installed,upgradable to: 4.9.2-10+deb8u1]
gcc-4.9-base/oldstable,now 4.9.2-10 amd64 [installed,upgradable to: 4.9.2-10+deb8u1]
gdisk/oldstable,now 0.8.10-2 amd64 [installed]
genisoimage/oldstable,now 9:1.1.11-3 amd64 [installed,automatic]
geoip-bin/oldstable,now 1.6.2-4 amd64 [installed,automatic]
geoip-database/oldstable,now 20150317-1 all [installed,automatic]
gettext-base/oldstable,now 0.19.3-2 amd64 [installed,automatic]
gfortran/oldstable,now 4:4.9.2-2 amd64 [installed]
gfortran-4.9/oldstable,now 4.9.2-10 amd64 [installed,upgradable to: 4.9.2-10+deb8u1]
gir1.2-glib-2.0/oldstable,now 1.42.0-2.2 amd64 [installed,automatic]
git/oldstable,oldstable,now 1:2.1.4-2.1+deb8u5 amd64 [installed,automatic]
git-man/oldstable,oldstable,now 1:2.1.4-2.1+deb8u5 all [installed,automatic]
gnupg/now 1.4.18-7+deb8u3 amd64 [installed,upgradable to: 1.4.18-7+deb8u4]
gnupg-agent/oldstable,now 2.0.26-6+deb8u1 amd64 [installed,automatic]
gnupg2/oldstable,now 2.0.26-6+deb8u1 amd64 [installed]
gpgv/now 1.4.18-7+deb8u3 amd64 [installed,upgradable to: 1.4.18-7+deb8u4]
grep/oldstable,now 2.20-4.1 amd64 [installed]
groff-base/oldstable,now 1.22.2-8 amd64 [installed]
grub-common/oldstable,oldstable,now 2.02~beta2-22+deb8u1 amd64 [installed,automatic]
grub-pc/oldstable,oldstable,now 2.02~beta2-22+deb8u1 amd64 [installed]
grub-pc-bin/oldstable,oldstable,now 2.02~beta2-22+deb8u1 amd64 [installed,automatic]
grub2-common/oldstable,oldstable,now 2.02~beta2-22+deb8u1 amd64 [installed,automatic]
gzip/oldstable,now 1.6-4 amd64 [installed]
hicolor-icon-theme/oldstable,now 0.13-1 all [installed,automatic]
hostname/oldstable,now 3.15 amd64 [installed]
html2text/oldstable,now 1.3.2a-18 amd64 [installed]
htop/oldstable,now 1.0.3-1 amd64 [installed]
ifupdown/oldstable,now 0.7.53.1 amd64 [installed]
init/oldstable,now 1.22 amd64 [installed]
init-system-helpers/oldstable,now 1.22 all [installed]
initramfs-tools/now 0.120+deb8u2 all [installed,upgradable to: 0.120+deb8u3]
initscripts/oldstable,now 2.88dsf-59 amd64 [installed]
insserv/oldstable,now 1.14.0-5 amd64 [installed]
ipmitool/oldstable,now 1.8.14-4 amd64 [installed]
iproute2/oldstable,now 3.16.0-2 amd64 [installed]
iptables/oldstable,now 1.4.21-2+b1 amd64 [installed]
iputils-ping/oldstable,now 3:20121221-5+b2 amd64 [installed]
isc-dhcp-client/oldstable,now 4.3.1-6+deb8u2 amd64 [installed,upgradable to: 4.3.1-6+deb8u3]
isc-dhcp-common/oldstable,now 4.3.1-6+deb8u2 amd64 [installed,upgradable to: 4.3.1-6+deb8u3]
iso-codes/oldstable,now 3.57-1 all [installed,automatic]
klibc-utils/oldstable,now 2.0.4-2 amd64 [installed,automatic]
kmod/oldstable,now 18-3 amd64 [installed]
less/oldstable,now 458-3 amd64 [installed]
libacl1/oldstable,now 2.2.52-2 amd64 [installed]
libaio1/oldstable,now 0.3.110-1 amd64 [installed,automatic]
libapparmor1/oldstable,now 2.9.0-3 amd64 [installed,auto-removable]
libapt-inst1.5/oldstable,oldstable,now 1.0.9.8.4 amd64 [installed]
libapt-pkg4.12/oldstable,oldstable,now 1.0.9.8.4 amd64 [installed]
libasan0/oldstable,now 4.8.4-1 amd64 [installed,automatic]
libasan1/oldstable,now 4.9.2-10 amd64 [installed,upgradable to: 4.9.2-10+deb8u1]
libasprintf0c2/oldstable,now 0.19.3-2 amd64 [installed,automatic]
libassuan0/oldstable,now 2.1.2-2 amd64 [installed,automatic]
libatk1.0-0/oldstable,now 2.14.0-1 amd64 [installed,automatic]
libatk1.0-data/oldstable,now 2.14.0-1 all [installed,automatic]
libatlas-dev/oldstable,now 3.10.2-7 all [installed]
libatomic1/oldstable,now 4.9.2-10 amd64 [installed,upgradable to: 4.9.2-10+deb8u1]
libattr1/oldstable,now 1:2.4.47-2 amd64 [installed]
libaudit-common/oldstable,now 1:2.4-1 all [installed]
libaudit1/oldstable,now 1:2.4-1+b1 amd64 [installed]
libavahi-client3/oldstable,now 0.6.31-5 amd64 [installed,automatic]
libavahi-common-data/oldstable,now 0.6.31-5 amd64 [installed,automatic]
libavahi-common3/oldstable,now 0.6.31-5 amd64 [installed,automatic]
libblas-common/oldstable,now 1.2.20110419-10 amd64 [installed,automatic]
libblas-dev/oldstable,now 1.2.20110419-10 amd64 [installed]
libblas3/oldstable,now 1.2.20110419-10 amd64 [installed,automatic]
libblkid1/oldstable,now 2.25.2-6 amd64 [installed]
libboost-iostreams1.55.0/oldstable,now 1.55.0+dfsg-3 amd64 [installed]
libboost-system1.55.0/oldstable,now 1.55.0+dfsg-3 amd64 [installed,automatic]
libboost-thread1.55.0/oldstable,now 1.55.0+dfsg-3 amd64 [installed,automatic]
libbsd0/oldstable,now 0.7.0-2 amd64 [installed,automatic]
libbz2-1.0/oldstable,now 1.0.6-7+b3 amd64 [installed]
libc-bin/now 2.19-18+deb8u7 amd64 [installed,upgradable to: 2.19-18+deb8u10]
libc-dev-bin/oldstable,oldstable,now 2.19-18+deb8u10 amd64 [installed,automatic]
libc6/oldstable,oldstable,now 2.19-18+deb8u10 amd64 [installed]
libc6-dev/oldstable,oldstable,now 2.19-18+deb8u10 amd64 [installed,automatic]
libcairo2/oldstable,now 1.14.0-2.1+deb8u2 amd64 [installed]
libcap-ng0/oldstable,now 0.7.4-2 amd64 [installed,automatic]
libcap2/oldstable,now 1:2.24-8 amd64 [installed]
libcap2-bin/oldstable,now 1:2.24-8 amd64 [installed]
libcilkrts5/oldstable,now 4.9.2-10 amd64 [installed,upgradable to: 4.9.2-10+deb8u1]
libcloog-isl4/oldstable,now 0.18.2-1+b2 amd64 [installed,automatic]
libcomerr2/oldstable,now 1.42.12-2+b1 amd64 [installed]
libcryptsetup4/oldstable,now 2:1.6.6-5 amd64 [installed]
libcups2/oldstable,now 1.7.5-11+deb8u2 amd64 [installed,automatic]
libcurl3/now 7.38.0-4+deb8u9 amd64 [installed,upgradable to: 7.38.0-4+deb8u10]
libcurl3-gnutls/now 7.38.0-4+deb8u5 amd64 [installed,upgradable to: 7.38.0-4+deb8u10]
libcurl4-openssl-dev/now 7.38.0-4+deb8u9 amd64 [installed,upgradable to: 7.38.0-4+deb8u10]
libdatrie1/oldstable,now 0.2.8-1 amd64 [installed,automatic]
libdb5.3/now 5.3.28-9 amd64 [installed,upgradable to: 5.3.28-9+deb8u1]
libdbus-1-3/oldstable,now 1.8.22-0+deb8u1 amd64 [installed,automatic]
libdbus-glib-1-2/oldstable,now 0.102-1 amd64 [installed,automatic]
libdebconfclient0/oldstable,now 0.192 amd64 [installed]
libdevmapper-event1.02.1/oldstable,now 2:1.02.90-2.2+deb8u1 amd64 [installed,automatic]
libdevmapper1.02.1/oldstable,now 2:1.02.90-2.2+deb8u1 amd64 [installed]
libdns-export100/now 1:9.9.5.dfsg-9+deb8u9 amd64 [installed,upgradable to: 1:9.9.5.dfsg-9+deb8u15]
libdrm2/oldstable,now 2.4.58-2 amd64 [installed,automatic]
libedit2/oldstable,now 3.1-20140620-2 amd64 [installed,automatic]
liberror-perl/oldstable,now 0.17-1.1 all [installed,automatic]
libestr0/oldstable,now 0.1.9-1.1 amd64 [installed]
libevent-2.0-5/oldstable,oldstable,now 2.0.21-stable-2+deb8u1 amd64 [installed,automatic]
libexpat1/oldstable,oldstable,now 2.1.0-6+deb8u4 amd64 [installed,automatic]
libexpat1-dev/oldstable,oldstable,now 2.1.0-6+deb8u4 amd64 [installed,automatic]
libfam0/oldstable,now 2.7.0-17.1 amd64 [installed,automatic]
libffi6/now 3.1-2+b2 amd64 [installed,upgradable to: 3.1-2+deb8u1]
libfontconfig1/oldstable,oldstable,now 2.11.0-6.3+deb8u1 amd64 [installed,automatic]
libfreetype6/now 2.5.2-3+deb8u1 amd64 [installed,upgradable to: 2.5.2-3+deb8u2]
libfuse2/oldstable,oldstable,now 2.9.3-15+deb8u2 amd64 [installed,automatic]
libgcc-4.8-dev/oldstable,now 4.8.4-1 amd64 [installed,automatic]
libgcc-4.9-dev/oldstable,now 4.9.2-10 amd64 [installed,upgradable to: 4.9.2-10+deb8u1]
libgcc1/oldstable,now 1:4.9.2-10 amd64 [installed,upgradable to: 1:4.9.2-10+deb8u1]
libgcrypt20/now 1.6.3-2+deb8u2 amd64 [installed,upgradable to: 1.6.3-2+deb8u4]
libgd3/oldstable,oldstable,now 2.1.0-5+deb8u11 amd64 [installed,automatic]
libgdbm3/oldstable,now 1.8.3-13.1 amd64 [installed]
libgdk-pixbuf2.0-0/oldstable,now 2.31.1-2+deb8u7 amd64 [installed,automatic]
libgdk-pixbuf2.0-common/oldstable,now 2.31.1-2+deb8u7 all [installed,automatic]
libgeoip-dev/oldstable,now 1.6.2-4 amd64 [installed]
libgeoip1/oldstable,now 1.6.2-4 amd64 [installed,automatic]
libgfortran-4.9-dev/oldstable,now 4.9.2-10 amd64 [installed,upgradable to: 4.9.2-10+deb8u1]
libgfortran3/oldstable,now 4.9.2-10 amd64 [installed,upgradable to: 4.9.2-10+deb8u1]
libgirepository-1.0-1/oldstable,now 1.42.0-2.2 amd64 [installed,automatic]
libglib2.0-0/oldstable,now 2.42.1-1+b1 amd64 [installed,automatic]
libgmp-dev/oldstable,now 2:6.0.0+dfsg-6 amd64 [installed,automatic]
libgmp10/oldstable,now 2:6.0.0+dfsg-6 amd64 [installed]
libgmpxx4ldbl/oldstable,now 2:6.0.0+dfsg-6 amd64 [installed,automatic]
libgnutls-deb0-28/now 3.3.8-6+deb8u4 amd64 [installed,upgradable to: 3.3.8-6+deb8u7]
libgnutls-openssl27/now 3.3.8-6+deb8u4 amd64 [installed,upgradable to: 3.3.8-6+deb8u7]
libgomp1/oldstable,now 4.9.2-10 amd64 [installed,upgradable to: 4.9.2-10+deb8u1]
libgpg-error0/oldstable,now 1.17-3 amd64 [installed]
libgpm2/oldstable,now 1.20.4-6.1+b2 amd64 [installed,automatic]
libgraphite2-3/oldstable,oldstable,now 1.3.10-1~deb8u1 amd64 [installed,automatic]
libgssapi-krb5-2/oldstable,now 1.12.1+dfsg-19+deb8u2 amd64 [installed,upgradable to: 1.12.1+dfsg-19+deb8u4]
libgtk2.0-0/oldstable,now 2.24.25-3+deb8u2 amd64 [installed,automatic]
libgtk2.0-bin/oldstable,now 2.24.25-3+deb8u2 amd64 [installed,automatic]
libgtk2.0-common/oldstable,now 2.24.25-3+deb8u2 all [installed,automatic]
libharfbuzz0b/oldstable,now 0.9.35-2 amd64 [installed,automatic]
libhogweed2/oldstable,now 2.7.1-5+deb8u2 amd64 [installed]
libicu52/now 52.1-8+deb8u4 amd64 [installed,upgradable to: 52.1-8+deb8u7]
libidn11/oldstable,oldstable,now 1.29-1+deb8u2 amd64 [installed]
libio-pty-perl/oldstable,now 1:1.08-1+b4 amd64 [installed,automatic]
libipc-run-perl/oldstable,now 0.92-1 all [installed,automatic]
libirs-export91/now 1:9.9.5.dfsg-9+deb8u9 amd64 [installed,upgradable to: 1:9.9.5.dfsg-9+deb8u15]
libisc-export95/now 1:9.9.5.dfsg-9+deb8u9 amd64 [installed,upgradable to: 1:9.9.5.dfsg-9+deb8u15]
libisccfg-export90/now 1:9.9.5.dfsg-9+deb8u9 amd64 [installed,upgradable to: 1:9.9.5.dfsg-9+deb8u15]
libiscsi2/oldstable,now 1.12.0-2 amd64 [installed,automatic]
libisl10/oldstable,now 0.12.2-2 amd64 [installed,automatic]
libitm1/oldstable,now 4.9.2-10 amd64 [installed,upgradable to: 4.9.2-10+deb8u1]
libjasper1/oldstable,oldstable,now 1.900.1-debian1-2.4+deb8u3 amd64 [installed,automatic]
libjbig0/oldstable,now 2.1-3.1 amd64 [installed,automatic]
libjemalloc1/oldstable,now 3.6.0-3 amd64 [installed,automatic]
libjpeg62-turbo/oldstable,now 1:1.3.1-12 amd64 [installed]
libjpeg62-turbo-dev/oldstable,now 1:1.3.1-12 amd64 [installed]
libjson-c2/oldstable,now 0.11-4 amd64 [installed]
libk5crypto3/oldstable,now 1.12.1+dfsg-19+deb8u2 amd64 [installed,upgradable to: 1.12.1+dfsg-19+deb8u4]
libkeyutils1/oldstable,now 1.5.9-5+b1 amd64 [installed,automatic]
libklibc/oldstable,now 2.0.4-2 amd64 [installed,automatic]
libkmod2/oldstable,now 18-3 amd64 [installed]
libkrb5-3/oldstable,now 1.12.1+dfsg-19+deb8u2 amd64 [installed,upgradable to: 1.12.1+dfsg-19+deb8u4]
libkrb5support0/oldstable,now 1.12.1+dfsg-19+deb8u2 amd64 [installed,upgradable to: 1.12.1+dfsg-19+deb8u4]
libksba8/oldstable,now 1.3.2-1+deb8u1 amd64 [installed,automatic]
liblapack-dev/oldstable,now 3.5.0-4 amd64 [installed]
liblapack3/oldstable,now 3.5.0-4 amd64 [installed,automatic]
libldap-2.4-2/now 2.4.40+dfsg-1+deb8u2 amd64 [installed,upgradable to: 2.4.40+dfsg-1+deb8u3]
liblocale-gettext-perl/oldstable,now 1.05-8+b1 amd64 [installed]
liblogging-stdlog0/oldstable,now 1.0.4-1 amd64 [installed]
liblognorm1/oldstable,now 1.0.1-3 amd64 [installed]
liblsan0/oldstable,now 4.9.2-10 amd64 [installed,upgradable to: 4.9.2-10+deb8u1]
libltdl7/oldstable,now 2.4.2-1.11+b1 amd64 [installed,automatic]
liblvm2cmd2.02/oldstable,now 2.02.111-2.2+deb8u1 amd64 [installed,automatic]
liblzma5/oldstable,now 5.1.1alpha+20120614-2+b3 amd64 [installed]
libmagic1/oldstable,now 1:5.22+15-2+deb8u3 amd64 [installed,automatic]
libmnl0/oldstable,now 1.0.3-5 amd64 [installed]
libmount1/oldstable,now 2.25.2-6 amd64 [installed]
libmpc3/oldstable,now 1.0.2-1 amd64 [installed,automatic]
libmpdec2/oldstable,now 2.4.1-1 amd64 [installed,automatic]
libmpfr4/oldstable,now 3.1.2-2 amd64 [installed,automatic]
libmysqlclient18/oldstable,now 5.5.58-0+deb8u1 amd64 [installed,upgradable to: 5.5.59-0+deb8u1]
libncurses5/now 5.9+20140913-1+b1 amd64 [installed,upgradable to: 5.9+20140913-1+deb8u2]
libncursesw5/now 5.9+20140913-1+b1 amd64 [installed,upgradable to: 5.9+20140913-1+deb8u2]
libnetfilter-acct1/oldstable,now 1.0.2-1.1 amd64 [installed]
libnettle4/oldstable,now 2.7.1-5+deb8u2 amd64 [installed]
libnewt0.52/oldstable,now 0.52.17-1+b1 amd64 [installed]
libnfnetlink0/oldstable,now 1.0.1-3 amd64 [installed]
libnfsidmap2/oldstable,now 0.25-5 amd64 [installed,automatic]
libnih-dbus1/oldstable,now 1.0.3-4.3 amd64 [installed,automatic]
libnih1/oldstable,now 1.0.3-4.3 amd64 [installed,automatic]
libnspr4/oldstable,oldstable,now 2:4.12-1+debu8u1 amd64 [installed,automatic]
libnss3/now 2:3.26-1+debu8u1 amd64 [installed,upgradable to: 2:3.26-1+debu8u3]
libodbc1/oldstable,now 2.3.1-3 amd64 [installed,automatic]
libopenipmi0/oldstable,now 2.0.16-1.4 amd64 [installed,automatic]
libp11-kit0/oldstable,now 0.20.7-1 amd64 [installed]
libpam-modules/now 1.1.8-3.1+deb8u2 amd64 [installed,upgradable to: 1.1.8-3.1+deb8u2+b1]
libpam-modules-bin/now 1.1.8-3.1+deb8u2 amd64 [installed,upgradable to: 1.1.8-3.1+deb8u2+b1]
libpam-runtime/oldstable,now 1.1.8-3.1+deb8u2 all [installed]
libpam0g/now 1.1.8-3.1+deb8u2 amd64 [installed,upgradable to: 1.1.8-3.1+deb8u2+b1]
libpango-1.0-0/oldstable,now 1.36.8-3 amd64 [installed]
libpango1.0-0/oldstable,now 1.36.8-3 amd64 [installed]
libpangocairo-1.0-0/oldstable,now 1.36.8-3 amd64 [installed]
libpangoft2-1.0-0/oldstable,now 1.36.8-3 amd64 [installed,automatic]
libpangox-1.0-0/oldstable,now 0.0.2-5 amd64 [installed]
libpangoxft-1.0-0/oldstable,now 1.36.8-3 amd64 [installed]
libparted2/oldstable,now 3.2-7 amd64 [installed,automatic]
libpci3/oldstable,now 1:3.2.1-3 amd64 [installed,automatic]
libpcre3/oldstable,now 2:8.35-3.3+deb8u4 amd64 [installed]
libperl4-corelibs-perl/oldstable,now 0.003-1 all [installed,automatic]
libperl5.20/oldstable,oldstable,now 5.20.2-3+deb8u9 amd64 [installed,automatic]
libpipeline1/oldstable,now 1.4.0-1 amd64 [installed]
libpixman-1-0/oldstable,now 0.32.6-3 amd64 [installed,automatic]
libpng12-0/oldstable,now 1.2.50-2+deb8u3 amd64 [installed,automatic]
libpopt0/oldstable,now 1.16-10 amd64 [installed]
libpq-dev/now 10.1-1.pgdg80+1 amd64 [installed,upgradable to: 10.3-1.pgdg80+1]
libpq5/now 10.1-1.pgdg80+1 amd64 [installed,upgradable to: 10.3-1.pgdg80+1]
libprocps3/oldstable,now 2:3.3.9-9 amd64 [installed]
libpsl0/oldstable,now 0.5.1-1 amd64 [installed]
libpth20/oldstable,now 2.0.7-20 amd64 [installed,automatic]
libpython-dev/oldstable,now 2.7.9-1 amd64 [installed,automatic]
libpython-stdlib/oldstable,now 2.7.9-1 amd64 [installed,automatic]
libpython2.7/oldstable,now 2.7.9-2+deb8u1 amd64 [installed,automatic]
libpython2.7-dev/oldstable,now 2.7.9-2+deb8u1 amd64 [installed,automatic]
libpython2.7-minimal/oldstable,now 2.7.9-2+deb8u1 amd64 [installed,automatic]
libpython2.7-stdlib/oldstable,now 2.7.9-2+deb8u1 amd64 [installed,automatic]
libpython3-stdlib/oldstable,now 3.4.2-2 amd64 [installed,automatic]
libpython3.4-minimal/oldstable,now 3.4.2-1 amd64 [installed,automatic]
libpython3.4-stdlib/oldstable,now 3.4.2-1 amd64 [installed,automatic]
libquadmath0/oldstable,now 4.9.2-10 amd64 [installed,upgradable to: 4.9.2-10+deb8u1]
librados2/oldstable,now 0.80.7-2+deb8u2 amd64 [installed,automatic]
librbd1/oldstable,now 0.80.7-2+deb8u2 amd64 [installed,automatic]
libreadline5/oldstable,now 5.2+dfsg-2 amd64 [installed,automatic]
libreadline6/oldstable,now 6.3-8+b3 amd64 [installed]
librtmp1/now 2.4+20150115.gita107cef-1 amd64 [installed,upgradable to: 2.4+20150115.gita107cef-1+deb8u1]
libruby2.1/oldstable,now 2.1.5-2+deb8u3 amd64 [installed,automatic]
libsasl2-2/oldstable,oldstable,now 2.1.26.dfsg1-13+deb8u1 amd64 [installed,automatic]
libsasl2-modules-db/oldstable,oldstable,now 2.1.26.dfsg1-13+deb8u1 amd64 [installed,automatic]
libsctp1/oldstable,now 1.0.16+dfsg-2 amd64 [installed,automatic]
libselinux1/oldstable,now 2.3-2 amd64 [installed]
libsemanage-common/oldstable,now 2.3-1 all [installed]
libsemanage1/oldstable,now 2.3-1+b1 amd64 [installed]
libsensors4/oldstable,now 1:3.3.5-2 amd64 [installed,automatic]
libsepol1/oldstable,now 2.3-2 amd64 [installed]
libsigc++-2.0-0c2a/oldstable,now 2.4.0-1 amd64 [installed]
libslang2/oldstable,now 2.3.0-2 amd64 [installed]
libsmartcols1/oldstable,now 2.25.2-6 amd64 [installed]
libsnmp-base/oldstable,now 5.7.2.1+dfsg-1 all [installed,upgradable to: 5.7.2.1+dfsg-1+deb8u1]
libsnmp30/oldstable,now 5.7.2.1+dfsg-1 amd64 [installed,upgradable to: 5.7.2.1+dfsg-1+deb8u1+b1]
libsqlite3-0/oldstable,now 3.8.7.1-1+deb8u2 amd64 [installed,automatic]
libss2/oldstable,now 1.42.12-2+b1 amd64 [installed]
libssh2-1/oldstable,oldstable,now 1.4.3-4.1+deb8u1 amd64 [installed,automatic]
libssl-dev/oldstable,now 1.0.1t-1+deb8u7 amd64 [installed,upgradable to: 1.0.1t-1+deb8u8]
libssl-doc/oldstable,now 1.0.1t-1+deb8u7 all [installed,upgradable to: 1.0.1t-1+deb8u8]
libssl1.0.0/oldstable,now 1.0.1t-1+deb8u7 amd64 [installed,upgradable to: 1.0.1t-1+deb8u8]
libstdc++-4.8-dev/oldstable,now 4.8.4-1 amd64 [installed,automatic]
libstdc++6/oldstable,now 4.9.2-10 amd64 [installed,upgradable to: 4.9.2-10+deb8u1]
libsystemd0/now 215-17+deb8u6 amd64 [installed,upgradable to: 215-17+deb8u7]
libtasn1-6/now 4.2-3+deb8u2 amd64 [installed,upgradable to: 4.2-3+deb8u3]
libterm-readkey-perl/oldstable,now 2.32-1+b1 amd64 [installed,automatic]
libterm-readline-perl-perl/oldstable,now 1.0303-1 all [installed,automatic]
libtext-charwidth-perl/oldstable,now 0.04-7+b3 amd64 [installed]
libtext-iconv-perl/oldstable,now 1.7-5+b2 amd64 [installed]
libtext-wrapi18n-perl/oldstable,now 0.06-7 all [installed]
libthai-data/oldstable,now 0.1.21-1 all [installed,automatic]
libthai0/oldstable,now 0.1.21-1 amd64 [installed,automatic]
libtiff5/oldstable,now 4.0.3-12.3+deb8u4 amd64 [installed,upgradable to: 4.0.3-12.3+deb8u5]
libtinfo5/now 5.9+20140913-1+b1 amd64 [installed,upgradable to: 5.9+20140913-1+deb8u2]
libtirpc1/oldstable,oldstable,now 0.2.5-1+deb8u1 amd64 [installed,automatic]
libtool/oldstable,now 2.4.2-1.11 all [installed]
libtsan0/oldstable,now 4.9.2-10 amd64 [installed,upgradable to: 4.9.2-10+deb8u1]
libubsan0/oldstable,now 4.9.2-10 amd64 [installed,upgradable to: 4.9.2-10+deb8u1]
libudev1/now 215-17+deb8u6 amd64 [installed,upgradable to: 215-17+deb8u7]
libusb-0.1-4/oldstable,now 2:0.1.12-25 amd64 [installed]
libustr-1.0-1/oldstable,now 1.0.4-3+b2 amd64 [installed]
libuuid-perl/oldstable,now 0.05-1+b1 amd64 [installed,automatic]
libuuid1/oldstable,now 2.25.2-6 amd64 [installed]
libvpx1/oldstable,now 1.3.0-3 amd64 [installed,upgradable to: 1.3.0-3+deb8u1]
libwrap0/oldstable,now 7.6.q-25 amd64 [installed,automatic]
libx11-6/oldstable,now 2:1.6.2-3+deb8u1 amd64 [installed,automatic]
libx11-data/oldstable,now 2:1.6.2-3+deb8u1 all [installed,automatic]
libxau6/oldstable,now 1:1.0.8-1 amd64 [installed,automatic]
libxcb-render0/oldstable,now 1.10-3+b1 amd64 [installed,automatic]
libxcb-shm0/oldstable,now 1.10-3+b1 amd64 [installed,automatic]
libxcb1/oldstable,now 1.10-3+b1 amd64 [installed,automatic]
libxcomposite1/oldstable,now 1:0.4.4-1 amd64 [installed,automatic]
libxcursor1/oldstable,now 1:1.1.14-1+deb8u1 amd64 [installed,automatic]
libxdamage1/oldstable,now 1:1.1.4-2+b1 amd64 [installed,automatic]
libxdmcp6/oldstable,now 1:1.1.1-1+b1 amd64 [installed,automatic]
libxext6/oldstable,now 2:1.3.3-1 amd64 [installed,automatic]
libxfixes3/oldstable,now 1:5.0.1-2+deb8u1 amd64 [installed,automatic]
libxft2/oldstable,now 2.3.2-1 amd64 [installed,automatic]
libxi6/oldstable,now 2:1.7.4-1+deb8u1 amd64 [installed,automatic]
libxinerama1/oldstable,now 2:1.1.3-1+b1 amd64 [installed,automatic]
libxml2/oldstable,now 2.9.1+dfsg1-5+deb8u5 amd64 [installed,upgradable to: 2.9.1+dfsg1-5+deb8u6]
libxml2-dev/oldstable,now 2.9.1+dfsg1-5+deb8u5 amd64 [installed,upgradable to: 2.9.1+dfsg1-5+deb8u6]
libxpm4/oldstable,oldstable,now 1:3.5.12-0+deb8u1 amd64 [installed,automatic]
libxrandr2/oldstable,now 2:1.4.2-1+deb8u1 amd64 [installed,automatic]
libxrender1/oldstable,now 1:0.9.8-1+b1 amd64 [installed,automatic]
libxslt1-dev/oldstable,now 1.1.28-2+deb8u3 amd64 [installed]
libxslt1.1/oldstable,now 1.1.28-2+deb8u3 amd64 [installed,automatic]
libxtables10/oldstable,now 1.4.21-2+b1 amd64 [installed]
libyaml-0-2/oldstable,now 0.1.6-3 amd64 [installed,automatic]
libyaml-syck-perl/oldstable,now 1.27-2+b2 amd64 [installed]
lighttpd/oldstable,oldstable,now 1.4.35-4+deb8u1 amd64 [installed]
linux-base/oldstable,now 3.5 all [installed,automatic]
linux-compiler-gcc-4.8-x86/now 3.16.39-1 amd64 [installed,upgradable to: 3.16.51-3+deb8u1]
linux-headers-3.16.0-4-amd64/now 3.16.39-1 amd64 [installed,upgradable to: 3.16.51-3]
linux-headers-3.16.0-4-common/now 3.16.39-1 amd64 [installed,upgradable to: 3.16.51-3]
linux-headers-amd64/oldstable,now 3.16+63 amd64 [installed,upgradable to: 3.16+63+deb8u1]
linux-image-3.16.0-4-amd64/now 3.16.39-1 amd64 [installed,upgradable to: 3.16.51-3]
linux-image-amd64/oldstable,now 3.16+63 amd64 [installed,upgradable to: 3.16+63+deb8u1]
linux-kbuild-3.16/oldstable,now 3.16.7-ckt20-1 amd64 [installed,automatic]
linux-libc-dev/oldstable-updates,now 3.16.51-3 amd64 [installed,upgradable to: 3.16.51-3+deb8u1]
lksctp-tools/oldstable,now 1.0.16+dfsg-2 amd64 [installed,automatic]
locales/now 2.19-18+deb8u7 all [installed,upgradable to: 2.19-18+deb8u10]
login/now 1:4.2-3+deb8u1 amd64 [installed,upgradable to: 1:4.2-3+deb8u4]
logrotate/oldstable,now 3.8.7-1+b1 amd64 [installed]
lsb-base/oldstable,now 4.1+Debian13+nmu1 all [installed]
lsb-release/oldstable,now 4.1+Debian13+nmu1 all [installed,automatic]
lsof/oldstable,now 4.86+dfsg-1 amd64 [installed]
lvm2/oldstable,now 2.02.111-2.2+deb8u1 amd64 [installed]
make/oldstable,now 4.0-8.1 amd64 [installed]
makedev/oldstable,now 2.3.1-93 all [installed,automatic]
man-db/oldstable,now 2.7.0.2-5 amd64 [installed]
manpages/oldstable,now 3.74-1 all [installed]
mawk/oldstable,now 1.3.3-17 amd64 [installed]
mime-support/oldstable,now 3.58 all [installed,automatic]
moreutils/oldstable,now 0.52 amd64 [installed]
mount/oldstable,now 2.25.2-6 amd64 [installed]
mountall/oldstable,now 2.54 amd64 [installed,automatic]
multiarch-support/now 2.19-18+deb8u7 amd64 [installed,upgradable to: 2.19-18+deb8u10]
mysql-common/oldstable,now 5.5.58-0+deb8u1 all [installed,upgradable to: 5.5.59-0+deb8u1]
nano/oldstable,now 2.2.6-3 amd64 [installed]
ncurses-base/now 5.9+20140913-1 all [installed,upgradable to: 5.9+20140913-1+deb8u2]
ncurses-bin/now 5.9+20140913-1+b1 amd64 [installed,upgradable to: 5.9+20140913-1+deb8u2]
ncurses-term/now 5.9+20140913-1 all [installed,upgradable to: 5.9+20140913-1+deb8u2]
net-tools/oldstable,now 1.60-26+b1 amd64 [installed]
netbase/oldstable,now 5.3 all [installed]
netcat-traditional/oldstable,now 1.10-41 amd64 [installed]
nfacct/oldstable,now 1.0.1-1.1 amd64 [installed]
nfs-common/oldstable,now 1:1.2.8-9 amd64 [installed]
nfs4-acl-tools/oldstable,now 0.3.3-2.1 amd64 [installed]
nginx-common/oldstable,oldstable,now 1.6.2-5+deb8u5 all [installed]
nginx-full/oldstable,oldstable,now 1.6.2-5+deb8u5 amd64 [installed]
openipmi/oldstable,now 2.0.16-1.4 amd64 [installed,automatic]
openssh-client/oldstable,now 1:6.7p1-5+deb8u3 amd64 [installed,upgradable to: 1:6.7p1-5+deb8u4]
openssh-server/oldstable,now 1:6.7p1-5+deb8u3 amd64 [installed,upgradable to: 1:6.7p1-5+deb8u4]
openssh-sftp-server/oldstable,now 1:6.7p1-5+deb8u3 amd64 [installed,upgradable to: 1:6.7p1-5+deb8u4]
openssl/now 1.0.1t-1+deb8u5 amd64 [installed,upgradable to: 1.0.1t-1+deb8u8]
parted/oldstable,now 3.2-7 amd64 [installed]
passwd/now 1:4.2-3+deb8u1 amd64 [installed,upgradable to: 1:4.2-3+deb8u4]
patch/oldstable,now 2.7.5-1 amd64 [installed,automatic]
perl/oldstable,oldstable,now 5.20.2-3+deb8u9 amd64 [installed,automatic]
perl-base/oldstable,oldstable,now 5.20.2-3+deb8u9 amd64 [installed]
perl-modules/oldstable,oldstable,now 5.20.2-3+deb8u9 all [installed,automatic]
pgdg-keyring/jessie-pgdg,now 2017.3 all [installed,automatic]
pinentry-gtk2/oldstable,now 0.8.3-2 amd64 [installed,automatic]
plymouth/oldstable,now 0.9.0-9 amd64 [installed,automatic]
postfix/oldstable,now 2.11.3-1+deb8u2 amd64 [installed]
postgresql-client-10/now 10.1-1.pgdg80+1 amd64 [installed,upgradable to: 10.3-1.pgdg80+1]
postgresql-client-common/now 189.pgdg80+2 all [installed,upgradable to: 190.pgdg80+1]
postgresql-common/now 189.pgdg80+2 all [installed,upgradable to: 190.pgdg80+1]
procps/oldstable,now 2:3.3.9-9 amd64 [installed]
pv/oldstable,now 1.5.7-2 amd64 [installed]
python/oldstable,now 2.7.9-1 amd64 [installed,automatic]
python-apt-common/oldstable,now 0.9.3.12 all [installed,automatic]
python-boto/oldstable,now 2.34.0-2 all [installed]
python-bson/oldstable,now 2.7.2-1 amd64 [installed,automatic]
python-bson-ext/oldstable,now 2.7.2-1 amd64 [installed,automatic]
python-chardet/oldstable,now 2.3.0-1 all [installed,automatic]
python-chardet-whl/oldstable,now 2.3.0-1 all [installed,automatic]
python-colorama/oldstable,now 0.3.2-1 all [installed,automatic]
python-colorama-whl/oldstable,now 0.3.2-1 all [installed,automatic]
python-dev/oldstable,now 2.7.9-1 amd64 [installed]
python-distlib/oldstable,now 0.1.9-1 all [installed,automatic]
python-distlib-whl/oldstable,now 0.1.9-1 all [installed,automatic]
python-gridfs/oldstable,now 2.7.2-1 all [installed,automatic]
python-html5lib/oldstable,now 0.999-3 all [installed,automatic]
python-html5lib-whl/oldstable,now 0.999-3 all [installed,automatic]
python-meld3/oldstable,now 1.0.0-1 amd64 [installed,automatic]
python-minimal/oldstable,now 2.7.9-1 amd64 [installed,automatic]
python-pip/oldstable,now 1.5.6-5 all [installed]
python-pip-whl/oldstable,now 1.5.6-5 all [installed,automatic]
python-pkg-resources/oldstable,now 5.5.1-1 all [installed,automatic]
python-pymongo/oldstable,now 2.7.2-1 amd64 [installed]
python-pymongo-ext/oldstable,now 2.7.2-1 amd64 [installed,automatic]
python-requests/oldstable,now 2.4.3-6 all [installed,automatic]
python-requests-whl/oldstable,now 2.4.3-6 all [installed,automatic]
python-setuptools/oldstable,now 5.5.1-1 all [installed,automatic]
python-setuptools-whl/oldstable,now 5.5.1-1 all [installed,automatic]
python-six/oldstable,now 1.8.0-1 all [installed,automatic]
python-six-whl/oldstable,now 1.8.0-1 all [installed,automatic]
python-urllib3/oldstable,now 1.9.1-3 all [installed,automatic]
python-urllib3-whl/oldstable,now 1.9.1-3 all [installed,automatic]
python-virtualenv/oldstable,now 1.11.6+ds-1 all [installed]
python2.7/oldstable,now 2.7.9-2+deb8u1 amd64 [installed]
python2.7-dev/oldstable,now 2.7.9-2+deb8u1 amd64 [installed]
python2.7-minimal/oldstable,now 2.7.9-2+deb8u1 amd64 [installed,automatic]
python3/oldstable,now 3.4.2-2 amd64 [installed,automatic]
python3-apt/oldstable,now 0.9.3.12 amd64 [installed,automatic]
python3-bcdoc/oldstable,now 0.12.2-1 all [installed,automatic]
python3-boto/oldstable,now 2.34.0-2 all [installed]
python3-botocore/oldstable,now 0.62.0-1 all [installed,automatic]
python3-chardet/oldstable,now 2.3.0-1 all [installed,automatic]
python3-colorama/oldstable,now 0.3.2-1 all [installed,automatic]
python3-configobj/oldstable,now 5.0.6-1 all [installed,automatic]
python3-crypto/oldstable,now 2.6.1-5+deb8u1 amd64 [installed,automatic]
python3-dateutil/oldstable,now 2.2-2 all [installed,automatic]
python3-dbus/oldstable,now 1.2.0-2+b3 amd64 [installed,automatic]
python3-docutils/oldstable,now 0.12+dfsg-1 all [installed,automatic]
python3-gi/oldstable,now 3.14.0-1 amd64 [installed,automatic]
python3-jinja2/oldstable,now 2.7.3-1 all [installed,automatic]
python3-jmespath/oldstable,now 0.4.1-1 all [installed,automatic]
python3-json-pointer/oldstable,now 1.0-2 all [installed,automatic]
python3-jsonpatch/oldstable,now 1.3-5 all [installed,automatic]
python3-jwt/now 0.2.1-1+deb8u1 all [installed,upgradable to: 0.2.1-1+deb8u2]
python3-markupsafe/oldstable,now 0.23-1+b1 amd64 [installed,automatic]
python3-minimal/oldstable,now 3.4.2-2 amd64 [installed,automatic]
python3-oauthlib/oldstable,now 0.6.3-1 all [installed,automatic]
python3-pkg-resources/oldstable,now 5.5.1-1 all [installed,automatic]
python3-prettytable/oldstable,now 0.7.2-3 all [installed,automatic]
python3-requests/oldstable,now 2.4.3-6 all [installed,automatic]
python3-roman/oldstable,now 2.0.0-1 all [installed,automatic]
python3-rsa/oldstable,now 3.1.4-1+deb8u1 all [installed,automatic]
python3-serial/oldstable,now 2.6-1.1 all [installed,automatic]
python3-six/oldstable,now 1.8.0-1 all [installed,automatic]
python3-software-properties/oldstable,now 0.92.25debian1 all [installed,automatic]
python3-urllib3/oldstable,now 1.9.1-3 all [installed,automatic]
python3-virtualenv/oldstable,now 1.11.6+ds-1 all [installed,automatic]
python3-yaml/oldstable,now 3.11-2 amd64 [installed,automatic]
python3.4/oldstable,now 3.4.2-1 amd64 [installed,automatic]
python3.4-minimal/oldstable,now 3.4.2-1 amd64 [installed,automatic]
qemu-utils/oldstable,oldstable,now 1:2.1+dfsg-12+deb8u6 amd64 [installed,automatic]
rabbitmq-server/oldstable,oldstable,now 3.3.5-1.1+deb8u1 all [installed]
rbrain/now 0.0.56 amd64 [installed,local]
readline-common/oldstable,now 6.3-8 all [installed]
realpath/oldstable,now 8.23-4 all [installed]
redis-server/oldstable,oldstable,now 2:2.8.17-1+deb8u5 amd64 [installed]
redis-tools/oldstable,oldstable,now 2:2.8.17-1+deb8u5 amd64 [installed]
rpcbind/oldstable,oldstable,now 0.2.1-6+deb8u2 amd64 [installed,automatic]
rsync/oldstable,now 3.1.1-3+deb8u1 amd64 [installed,automatic]
rsyslog/oldstable,now 8.4.2-1+deb8u2 amd64 [installed]
ruby-dev/oldstable,now 1:2.1.5+deb8u2 all [installed]
ruby2.1-dev/oldstable,now 2.1.5-2+deb8u3 amd64 [installed,automatic]
sed/oldstable,now 4.2.2-4+deb8u1 amd64 [installed]
sensible-utils/oldstable,now 0.0.9 all [installed,upgradable to: 0.0.9+deb8u1]
sgml-base/oldstable,now 1.26+nmu4 all [installed,automatic]
shared-mime-info/oldstable,now 1.3-1 amd64 [installed,automatic]
shc/oldstable,now 3.8.7-2 amd64 [installed]
software-properties-common/oldstable,now 0.92.25debian1 all [installed]
spawn-fcgi/oldstable,now 1.6.4-1 amd64 [installed,automatic]
ssl-cert/oldstable,now 1.0.35 all [installed,automatic]
startpar/oldstable,now 0.59-3 amd64 [installed]
sudo/now 1.8.10p3-1+deb8u3 amd64 [installed,upgradable to: 1.8.10p3-1+deb8u5]
supervisor/oldstable,oldstable,now 3.0r1-1+deb8u1 all [installed]
sysstat/oldstable,now 11.0.1-1 amd64 [installed,auto-removable]
systemd/now 215-17+deb8u6 amd64 [installed,upgradable to: 215-17+deb8u7]
systemd-sysv/now 215-17+deb8u6 amd64 [installed,upgradable to: 215-17+deb8u7]
sysv-rc/oldstable,now 2.88dsf-59 all [installed]
sysvinit-utils/oldstable,now 2.88dsf-59 amd64 [installed]
tar/oldstable,oldstable,now 1.27.1-2+deb8u1 amd64 [installed]
tasksel/oldstable,now 3.31+deb8u1 all [installed]
tasksel-data/oldstable,now 3.31+deb8u1 all [installed]
telnet/oldstable,now 0.17-36 amd64 [installed]
traceroute/oldstable,now 1:2.0.20-2+b1 amd64 [installed]
tzdata/now 2016j-0+deb8u1 all [installed,upgradable to: 2018d-0+deb8u1]
ucf/oldstable,now 3.0030 all [installed,automatic]
udev/now 215-17+deb8u6 amd64 [installed,upgradable to: 215-17+deb8u7]
unattended-upgrades/oldstable,oldstable,now 0.83.3.2+deb8u1 all [installed,automatic]
util-linux/oldstable,now 2.25.2-6 amd64 [installed]
vim/oldstable,now 2:7.4.488-7+deb8u3 amd64 [installed]
vim-common/oldstable,now 2:7.4.488-7+deb8u3 amd64 [installed]
vim-runtime/oldstable,now 2:7.4.488-7+deb8u3 all [installed,automatic]
vim-tiny/oldstable,now 2:7.4.488-7+deb8u3 amd64 [installed]
virtualenv/oldstable,now 1.11.6+ds-1 all [installed,automatic]
wget/now 1.16-1+deb8u1 amd64 [installed,upgradable to: 1.16-1+deb8u4]
whiptail/oldstable,now 0.52.17-1+b1 amd64 [installed]
xml-core/oldstable,now 0.13+nmu2 all [installed,automatic]
xz-utils/oldstable,now 5.1.1alpha+20120614-2+b3 amd64 [installed,automatic]
zlib1g/oldstable,now 1:1.2.8.dfsg-2+b1 amd64 [installed]
zlib1g-dev/oldstable,now 1:1.2.8.dfsg-2+b1 amd64 [installed]
